// Jest Snapshot v1, https://goo.gl/fbAQLP

exports[`exports GameObjects 1`] = `
{
  "Arc": [Function],
  "BitmapText": [Function],
  "Blitter": [Function],
  "Bob": [Function],
  "Container": [Function],
  "Curve": [Function],
  "DOMElement": [Function],
  "DynamicBitmapText": [Function],
  "Ellipse": [Function],
  "Extern": [Function],
  "Graphics": [Function],
  "Grid": [Function],
  "Group": [Function],
  "Image": [Function],
  "IsoBox": [Function],
  "IsoTriangle": [Function],
  "Layer": [Function],
  "Light": [Function],
  "Line": [Function],
  "Mesh": [Function],
  "ParticleEmitter": [Function],
  "PathFollower": [Function],
  "PointLight": [Function],
  "Polygon": [Function],
  "Rectangle": [Function],
  "RenderTexture": [Function],
  "Rope": [Function],
  "Shader": [Function],
  "Shape": [Function],
  "Sprite": [Function],
  "Star": [Function],
  "Text": [Function],
  "TileSprite": [Function],
  "Triangle": [Function],
  "Video": [Function],
  "Zone": [Function],
}
`;
