// Jest Snapshot v1, https://jestjs.io/docs/snapshot-testing

exports[`exports events 1`] = `
{
  "onBoot": 1,
  "onDestroy": 1,
  "onDrag": 1,
  "onDragEnd": 1,
  "onDragEnter": 1,
  "onDragLeave": 1,
  "onDragOver": 1,
  "onDragStart": 1,
  "onDrop": 1,
  "onGameObjectDown": 1,
  "onGameObjectDrag": 1,
  "onGameObjectDragEnd": 1,
  "onGameObjectDragEnter": 1,
  "onGameObjectDragLeave": 1,
  "onGameObjectDragOver": 1,
  "onGameObjectDragStart": 1,
  "onGameObjectDrop": 1,
  "onGameObjectMove": 1,
  "onGameObjectOut": 1,
  "onGameObjectOver": 1,
  "onGameObjectPointerDown": 1,
  "onGameObjectPointerMove": 1,
  "onGameObjectPointerOut": 1,
  "onGameObjectPointerOver": 1,
  "onGameObjectPointerUp": 1,
  "onGameObjectPointerWheel": 1,
  "onGameObjectUp": 1,
  "onGameObjectWheel": 1,
  "onGameOut": 1,
  "onGameOver": 1,
  "onManagerBoot": 1,
  "onManagerProcess": 1,
  "onManagerUpdate": 1,
  "onPointerDown": 1,
  "onPointerDownOutside": 1,
  "onPointerLockChange": 1,
  "onPointerMove": 1,
  "onPointerOut": 1,
  "onPointerOver": 1,
  "onPointerUp": 1,
  "onPointerUpOutside": 1,
  "onPointerWheel": 1,
  "onPreUpdate": 1,
  "onShutdown": 1,
  "onStart": 1,
  "onUpdate": 1,
}
`;
